// Jest Snapshot v1, https://goo.gl/fbAQLP

exports[`obeys cwd 1`] = `
{
  "basic/index.js": [
    "../out/0c059a296e7692b0b3e2c83306c9271d/main.js",
  ],
}
`;
